<?xml version="1.0" encoding="UTF-8"?>
<testng-results ignored="8" total="20" passed="12" failed="0" skipped="0">
  <reporter-output>
  </reporter-output>
  <suite started-at="2024-03-08T12:55:33 IST" name="Gradle suite" finished-at="2024-03-08T13:10:33 IST" duration-ms="899613">
    <groups>
      <group name="Booking and Cancellation Flow">
        <method signature="testCase_03.TestCase03(java.lang.String,java.lang.String,java.lang.String,java.lang.String,java.lang.String,java.lang.String,java.lang.String)[pri:3, instance:qtriptest.tests.testCase_03@67f639d3]" name="TestCase03" class="qtriptest.tests.testCase_03"/>
      </group> <!-- Booking and Cancellation Flow -->
      <group name="Reliability Flow">
        <method signature="testCase_04.TestCase04(java.lang.String,java.lang.String,java.lang.String,java.lang.String,java.lang.String)[pri:4, instance:qtriptest.tests.testCase_04@6253c26]" name="TestCase04" class="qtriptest.tests.testCase_04"/>
      </group> <!-- Reliability Flow -->
      <group name="Search and Filter flow">
        <method signature="testCase_02.TestCase02(java.lang.String,java.lang.String,java.lang.String,java.lang.String,java.lang.String)[pri:2, instance:qtriptest.tests.testCase_02@290222c1]" name="TestCase02" class="qtriptest.tests.testCase_02"/>
      </group> <!-- Search and Filter flow -->
      <group name="Login Flow">
        <method signature="testCase_01.TestCase01(java.lang.String,java.lang.String)[pri:1, instance:qtriptest.tests.testCase_01@12aba8be]" name="TestCase01" class="qtriptest.tests.testCase_01"/>
      </group> <!-- Login Flow -->
    </groups>
    <test started-at="2024-03-08T12:55:33 IST" name="Gradle test" finished-at="2024-03-08T13:10:33 IST" duration-ms="899613">
      <class name="qtriptest.tests.testCase_01">
        <test-method is-config="true" signature="startTest(java.lang.reflect.Method)[pri:0, instance:qtriptest.tests.testCase_01@12aba8be]" started-at="2024-03-08T12:55:35 IST" name="startTest" finished-at="2024-03-08T12:55:35 IST" duration-ms="109" status="PASS">
          <params>
            <param index="0">
              <value>
                <![CDATA[public static void qtriptest.tests.testCase_01.TestCase01(java.lang.String,java.lang.String) throws java.lang.InterruptedException,java.net.MalformedURLException]]>
              </value>
            </param>
          </params>
          <reporter-output>
          </reporter-output>
        </test-method> <!-- startTest -->
        <test-method signature="TestCase01(java.lang.String,java.lang.String)[pri:1, instance:qtriptest.tests.testCase_01@12aba8be]" started-at="2024-03-08T12:55:35 IST" name="TestCase01" description="verifying functionality of login and register page" data-provider="data-provider" finished-at="2024-03-08T12:56:01 IST" duration-ms="25666" status="PASS">
          <params>
            <param index="0">
              <value>
                <![CDATA[testuser@gmail.com]]>
              </value>
            </param>
            <param index="1">
              <value>
                <![CDATA[abc@123]]>
              </value>
            </param>
          </params>
          <reporter-output>
          </reporter-output>
        </test-method> <!-- TestCase01 -->
        <test-method is-config="true" signature="afterTestMethod(org.testng.ITestResult)[pri:0, instance:qtriptest.tests.testCase_01@12aba8be]" started-at="2024-03-08T12:56:01 IST" name="afterTestMethod" finished-at="2024-03-08T12:56:03 IST" duration-ms="2658" status="PASS">
          <params>
            <param index="0">
              <value>
                <![CDATA[[TestResult name=TestCase01 status=SUCCESS method=testCase_01.TestCase01(java.lang.String,java.lang.String)[pri:1, instance:qtriptest.tests.testCase_01@12aba8be] output={null}]]]>
              </value>
            </param>
          </params>
          <reporter-output>
          </reporter-output>
        </test-method> <!-- afterTestMethod -->
        <test-method is-config="true" signature="startTest(java.lang.reflect.Method)[pri:0, instance:qtriptest.tests.testCase_01@12aba8be]" started-at="2024-03-08T12:56:03 IST" name="startTest" finished-at="2024-03-08T12:56:03 IST" duration-ms="1" status="PASS">
          <params>
            <param index="0">
              <value>
                <![CDATA[public static void qtriptest.tests.testCase_01.TestCase01(java.lang.String,java.lang.String) throws java.lang.InterruptedException,java.net.MalformedURLException]]>
              </value>
            </param>
          </params>
          <reporter-output>
          </reporter-output>
        </test-method> <!-- startTest -->
        <test-method signature="TestCase01(java.lang.String,java.lang.String)[pri:1, instance:qtriptest.tests.testCase_01@12aba8be]" started-at="2024-03-08T12:56:03 IST" name="TestCase01" description="verifying functionality of login and register page" data-provider="data-provider" finished-at="2024-03-08T12:56:28 IST" duration-ms="24900" status="PASS">
          <params>
            <param index="0">
              <value>
                <![CDATA[TESTUSER@gmail.com]]>
              </value>
            </param>
            <param index="1">
              <value>
                <![CDATA[123456.0]]>
              </value>
            </param>
          </params>
          <reporter-output>
          </reporter-output>
        </test-method> <!-- TestCase01 -->
        <test-method is-config="true" signature="afterTestMethod(org.testng.ITestResult)[pri:0, instance:qtriptest.tests.testCase_01@12aba8be]" started-at="2024-03-08T12:56:28 IST" name="afterTestMethod" finished-at="2024-03-08T12:56:31 IST" duration-ms="2561" status="PASS">
          <params>
            <param index="0">
              <value>
                <![CDATA[[TestResult name=TestCase01 status=SUCCESS method=testCase_01.TestCase01(java.lang.String,java.lang.String)[pri:1, instance:qtriptest.tests.testCase_01@12aba8be] output={null}]]]>
              </value>
            </param>
          </params>
          <reporter-output>
          </reporter-output>
        </test-method> <!-- afterTestMethod -->
        <test-method is-config="true" signature="startTest(java.lang.reflect.Method)[pri:0, instance:qtriptest.tests.testCase_01@12aba8be]" started-at="2024-03-08T12:56:31 IST" name="startTest" finished-at="2024-03-08T12:56:31 IST" duration-ms="1" status="PASS">
          <params>
            <param index="0">
              <value>
                <![CDATA[public static void qtriptest.tests.testCase_01.TestCase01(java.lang.String,java.lang.String) throws java.lang.InterruptedException,java.net.MalformedURLException]]>
              </value>
            </param>
          </params>
          <reporter-output>
          </reporter-output>
        </test-method> <!-- startTest -->
        <test-method signature="TestCase01(java.lang.String,java.lang.String)[pri:1, instance:qtriptest.tests.testCase_01@12aba8be]" started-at="2024-03-08T12:56:31 IST" name="TestCase01" description="verifying functionality of login and register page" data-provider="data-provider" finished-at="2024-03-08T12:56:56 IST" duration-ms="24861" status="PASS">
          <params>
            <param index="0">
              <value>
                <![CDATA[123_USER_low@gmail.com]]>
              </value>
            </param>
            <param index="1">
              <value>
                <![CDATA[QWERTY!!!!]]>
              </value>
            </param>
          </params>
          <reporter-output>
          </reporter-output>
        </test-method> <!-- TestCase01 -->
        <test-method is-config="true" signature="afterTestMethod(org.testng.ITestResult)[pri:0, instance:qtriptest.tests.testCase_01@12aba8be]" started-at="2024-03-08T12:56:56 IST" name="afterTestMethod" finished-at="2024-03-08T12:56:58 IST" duration-ms="2390" status="PASS">
          <params>
            <param index="0">
              <value>
                <![CDATA[[TestResult name=TestCase01 status=SUCCESS method=testCase_01.TestCase01(java.lang.String,java.lang.String)[pri:1, instance:qtriptest.tests.testCase_01@12aba8be] output={null}]]]>
              </value>
            </param>
          </params>
          <reporter-output>
          </reporter-output>
        </test-method> <!-- afterTestMethod -->
      </class> <!-- qtriptest.tests.testCase_01 -->
      <class name="qtriptest.tests.BaseTest">
        <test-method is-config="true" signature="createDriver()[pri:0, instance:qtriptest.tests.BaseTest@5d7148e2]" started-at="2024-03-08T12:55:31 IST" name="createDriver" finished-at="2024-03-08T12:55:33 IST" duration-ms="2580" status="PASS">
          <reporter-output>
          </reporter-output>
        </test-method> <!-- createDriver -->
        <test-method is-config="true" signature="tearDown()[pri:0, instance:qtriptest.tests.BaseTest@5d7148e2]" started-at="2024-03-08T13:10:33 IST" name="tearDown" finished-at="2024-03-08T13:10:34 IST" duration-ms="883" status="PASS">
          <reporter-output>
          </reporter-output>
        </test-method> <!-- tearDown -->
      </class> <!-- qtriptest.tests.BaseTest -->
      <class name="qtriptest.tests.testCase_04">
        <test-method is-config="true" signature="startTest(java.lang.reflect.Method)[pri:0, instance:qtriptest.tests.testCase_04@6253c26]" started-at="2024-03-08T13:02:31 IST" name="startTest" finished-at="2024-03-08T13:02:31 IST" duration-ms="1" status="PASS">
          <params>
            <param index="0">
              <value>
                <![CDATA[public static void qtriptest.tests.testCase_04.TestCase04(java.lang.String,java.lang.String,java.lang.String,java.lang.String,java.lang.String) throws java.lang.InterruptedException]]>
              </value>
            </param>
          </params>
          <reporter-output>
          </reporter-output>
        </test-method> <!-- startTest -->
        <test-method signature="TestCase04(java.lang.String,java.lang.String,java.lang.String,java.lang.String,java.lang.String)[pri:4, instance:qtriptest.tests.testCase_04@6253c26]" started-at="2024-03-08T13:02:31 IST" name="TestCase04" description="Booking History flow" data-provider="data-provider" finished-at="2024-03-08T13:05:11 IST" duration-ms="160819" status="PASS">
          <params>
            <param index="0">
              <value>
                <![CDATA[TC4_1@gmail.com]]>
              </value>
            </param>
            <param index="1">
              <value>
                <![CDATA[abc@123]]>
              </value>
            </param>
            <param index="2">
              <value>
                <![CDATA[Bengaluru;Niaboytown;Chicky;01-01-2025;2]]>
              </value>
            </param>
            <param index="3">
              <value>
                <![CDATA[Kolkata;Thton;Cha Cha;01-02-2025;3]]>
              </value>
            </param>
            <param index="4">
              <value>
                <![CDATA[Malaysia;Wootkentree;Bom Bom;02-12-2025;1]]>
              </value>
            </param>
          </params>
          <reporter-output>
          </reporter-output>
        </test-method> <!-- TestCase04 -->
        <test-method is-config="true" signature="afterTestMethod(org.testng.ITestResult)[pri:0, instance:qtriptest.tests.testCase_04@6253c26]" started-at="2024-03-08T13:05:11 IST" name="afterTestMethod" finished-at="2024-03-08T13:05:12 IST" duration-ms="301" status="PASS">
          <params>
            <param index="0">
              <value>
                <![CDATA[[TestResult name=TestCase04 status=SUCCESS method=testCase_04.TestCase04(java.lang.String,java.lang.String,java.lang.String,java.lang.String,java.lang.String)[pri:4, instance:qtriptest.tests.testCase_04@6253c26] output={null}]]]>
              </value>
            </param>
          </params>
          <reporter-output>
          </reporter-output>
        </test-method> <!-- afterTestMethod -->
        <test-method signature="TestCase04(java.lang.String,java.lang.String,java.lang.String,java.lang.String,java.lang.String)[pri:4, instance:qtriptest.tests.testCase_04@6253c26]" started-at="2024-03-08T13:05:12 IST" name="TestCase04" description="Booking History flow" data-provider="data-provider" finished-at="2024-03-08T13:07:52 IST" duration-ms="160506" status="PASS">
          <params>
            <param index="0">
              <value>
                <![CDATA[TC4_2@gmail.com]]>
              </value>
            </param>
            <param index="1">
              <value>
                <![CDATA[abc@321]]>
              </value>
            </param>
            <param index="2">
              <value>
                <![CDATA[Bengaluru;Shiwood;Chicky;01-01-2025;2]]>
              </value>
            </param>
            <param index="3">
              <value>
                <![CDATA[Kolkata;North Gelgoon;Cha Cha;01-02-2025;3]]>
              </value>
            </param>
            <param index="4">
              <value>
                <![CDATA[Malaysia;Wootkentree;Lya;02-12-2025;1]]>
              </value>
            </param>
          </params>
          <reporter-output>
          </reporter-output>
        </test-method> <!-- TestCase04 -->
        <test-method is-config="true" signature="startTest(java.lang.reflect.Method)[pri:0, instance:qtriptest.tests.testCase_04@6253c26]" started-at="2024-03-08T13:05:12 IST" name="startTest" finished-at="2024-03-08T13:05:12 IST" duration-ms="0" status="PASS">
          <params>
            <param index="0">
              <value>
                <![CDATA[public static void qtriptest.tests.testCase_04.TestCase04(java.lang.String,java.lang.String,java.lang.String,java.lang.String,java.lang.String) throws java.lang.InterruptedException]]>
              </value>
            </param>
          </params>
          <reporter-output>
          </reporter-output>
        </test-method> <!-- startTest -->
        <test-method is-config="true" signature="afterTestMethod(org.testng.ITestResult)[pri:0, instance:qtriptest.tests.testCase_04@6253c26]" started-at="2024-03-08T13:07:52 IST" name="afterTestMethod" finished-at="2024-03-08T13:07:52 IST" duration-ms="268" status="PASS">
          <params>
            <param index="0">
              <value>
                <![CDATA[[TestResult name=TestCase04 status=SUCCESS method=testCase_04.TestCase04(java.lang.String,java.lang.String,java.lang.String,java.lang.String,java.lang.String)[pri:4, instance:qtriptest.tests.testCase_04@6253c26] output={null}]]]>
              </value>
            </param>
          </params>
          <reporter-output>
          </reporter-output>
        </test-method> <!-- afterTestMethod -->
        <test-method is-config="true" signature="startTest(java.lang.reflect.Method)[pri:0, instance:qtriptest.tests.testCase_04@6253c26]" started-at="2024-03-08T13:07:52 IST" name="startTest" finished-at="2024-03-08T13:07:52 IST" duration-ms="1" status="PASS">
          <params>
            <param index="0">
              <value>
                <![CDATA[public static void qtriptest.tests.testCase_04.TestCase04(java.lang.String,java.lang.String,java.lang.String,java.lang.String,java.lang.String) throws java.lang.InterruptedException]]>
              </value>
            </param>
          </params>
          <reporter-output>
          </reporter-output>
        </test-method> <!-- startTest -->
        <test-method signature="TestCase04(java.lang.String,java.lang.String,java.lang.String,java.lang.String,java.lang.String)[pri:4, instance:qtriptest.tests.testCase_04@6253c26]" started-at="2024-03-08T13:07:52 IST" name="TestCase04" description="Booking History flow" data-provider="data-provider" finished-at="2024-03-08T13:10:33 IST" duration-ms="160177" status="PASS">
          <params>
            <param index="0">
              <value>
                <![CDATA[TC4_3@gmail.com]]>
              </value>
            </param>
            <param index="1">
              <value>
                <![CDATA[abc@321]]>
              </value>
            </param>
            <param index="2">
              <value>
                <![CDATA[Goa;Perthby;Chicky;01-01-2025;2]]>
              </value>
            </param>
            <param index="3">
              <value>
                <![CDATA[Bengaluru;Niaboytown;Chicky;01-01-2025;2]]>
              </value>
            </param>
            <param index="4">
              <value>
                <![CDATA[Bengaluru;Shiwood;Chicky;01-01-2025;2]]>
              </value>
            </param>
          </params>
          <reporter-output>
          </reporter-output>
        </test-method> <!-- TestCase04 -->
        <test-method is-config="true" signature="afterTestMethod(org.testng.ITestResult)[pri:0, instance:qtriptest.tests.testCase_04@6253c26]" started-at="2024-03-08T13:10:33 IST" name="afterTestMethod" finished-at="2024-03-08T13:10:33 IST" duration-ms="324" status="PASS">
          <params>
            <param index="0">
              <value>
                <![CDATA[[TestResult name=TestCase04 status=SUCCESS method=testCase_04.TestCase04(java.lang.String,java.lang.String,java.lang.String,java.lang.String,java.lang.String)[pri:4, instance:qtriptest.tests.testCase_04@6253c26] output={null}]]]>
              </value>
            </param>
          </params>
          <reporter-output>
          </reporter-output>
        </test-method> <!-- afterTestMethod -->
      </class> <!-- qtriptest.tests.testCase_04 -->
      <class name="qtriptest.tests.testCase_03">
        <test-method is-config="true" signature="startTest(java.lang.reflect.Method)[pri:0, instance:qtriptest.tests.testCase_03@67f639d3]" started-at="2024-03-08T12:59:01 IST" name="startTest" finished-at="2024-03-08T12:59:01 IST" duration-ms="1" status="PASS">
          <params>
            <param index="0">
              <value>
                <![CDATA[public static void qtriptest.tests.testCase_03.TestCase03(java.lang.String,java.lang.String,java.lang.String,java.lang.String,java.lang.String,java.lang.String,java.lang.String) throws java.lang.InterruptedException]]>
              </value>
            </param>
          </params>
          <reporter-output>
          </reporter-output>
        </test-method> <!-- startTest -->
        <test-method signature="TestCase03(java.lang.String,java.lang.String,java.lang.String,java.lang.String,java.lang.String,java.lang.String,java.lang.String)[pri:3, instance:qtriptest.tests.testCase_03@67f639d3]" started-at="2024-03-08T12:59:01 IST" name="TestCase03" description="Booking and Cancellation flow" data-provider="data-provider" finished-at="2024-03-08T13:00:11 IST" duration-ms="69608" status="PASS">
          <params>
            <param index="0">
              <value>
                <![CDATA[TC3_1@gmail.com]]>
              </value>
            </param>
            <param index="1">
              <value>
                <![CDATA[abc@123]]>
              </value>
            </param>
            <param index="2">
              <value>
                <![CDATA[Bengaluru]]>
              </value>
            </param>
            <param index="3">
              <value>
                <![CDATA[Niaboytown]]>
              </value>
            </param>
            <param index="4">
              <value>
                <![CDATA[palam]]>
              </value>
            </param>
            <param index="5">
              <value>
                <![CDATA[16-11-2025]]>
              </value>
            </param>
            <param index="6">
              <value>
                <![CDATA[2]]>
              </value>
            </param>
          </params>
          <reporter-output>
          </reporter-output>
        </test-method> <!-- TestCase03 -->
        <test-method is-config="true" signature="afterTestMethod(org.testng.ITestResult)[pri:0, instance:qtriptest.tests.testCase_03@67f639d3]" started-at="2024-03-08T13:00:11 IST" name="afterTestMethod" finished-at="2024-03-08T13:00:11 IST" duration-ms="297" status="PASS">
          <params>
            <param index="0">
              <value>
                <![CDATA[[TestResult name=TestCase03 status=SUCCESS method=testCase_03.TestCase03(java.lang.String,java.lang.String,java.lang.String,java.lang.String,java.lang.String,java.lang.String,java.lang.String)[pri:3, instance:qtriptest.tests.testCase_03@67f639d3] output={null}]]]>
              </value>
            </param>
          </params>
          <reporter-output>
          </reporter-output>
        </test-method> <!-- afterTestMethod -->
        <test-method is-config="true" signature="startTest(java.lang.reflect.Method)[pri:0, instance:qtriptest.tests.testCase_03@67f639d3]" started-at="2024-03-08T13:00:11 IST" name="startTest" finished-at="2024-03-08T13:00:11 IST" duration-ms="1" status="PASS">
          <params>
            <param index="0">
              <value>
                <![CDATA[public static void qtriptest.tests.testCase_03.TestCase03(java.lang.String,java.lang.String,java.lang.String,java.lang.String,java.lang.String,java.lang.String,java.lang.String) throws java.lang.InterruptedException]]>
              </value>
            </param>
          </params>
          <reporter-output>
          </reporter-output>
        </test-method> <!-- startTest -->
        <test-method signature="TestCase03(java.lang.String,java.lang.String,java.lang.String,java.lang.String,java.lang.String,java.lang.String,java.lang.String)[pri:3, instance:qtriptest.tests.testCase_03@67f639d3]" started-at="2024-03-08T13:00:11 IST" name="TestCase03" description="Booking and Cancellation flow" data-provider="data-provider" finished-at="2024-03-08T13:01:20 IST" duration-ms="69576" status="PASS">
          <params>
            <param index="0">
              <value>
                <![CDATA[TC3_2@gmail.com]]>
              </value>
            </param>
            <param index="1">
              <value>
                <![CDATA[abc@123]]>
              </value>
            </param>
            <param index="2">
              <value>
                <![CDATA[Singapore]]>
              </value>
            </param>
            <param index="3">
              <value>
                <![CDATA[Grand Ashland]]>
              </value>
            </param>
            <param index="4">
              <value>
                <![CDATA[biden]]>
              </value>
            </param>
            <param index="5">
              <value>
                <![CDATA[26-11-2025]]>
              </value>
            </param>
            <param index="6">
              <value>
                <![CDATA[4]]>
              </value>
            </param>
          </params>
          <reporter-output>
          </reporter-output>
        </test-method> <!-- TestCase03 -->
        <test-method is-config="true" signature="afterTestMethod(org.testng.ITestResult)[pri:0, instance:qtriptest.tests.testCase_03@67f639d3]" started-at="2024-03-08T13:01:20 IST" name="afterTestMethod" finished-at="2024-03-08T13:01:21 IST" duration-ms="256" status="PASS">
          <params>
            <param index="0">
              <value>
                <![CDATA[[TestResult name=TestCase03 status=SUCCESS method=testCase_03.TestCase03(java.lang.String,java.lang.String,java.lang.String,java.lang.String,java.lang.String,java.lang.String,java.lang.String)[pri:3, instance:qtriptest.tests.testCase_03@67f639d3] output={null}]]]>
              </value>
            </param>
          </params>
          <reporter-output>
          </reporter-output>
        </test-method> <!-- afterTestMethod -->
        <test-method is-config="true" signature="startTest(java.lang.reflect.Method)[pri:0, instance:qtriptest.tests.testCase_03@67f639d3]" started-at="2024-03-08T13:01:21 IST" name="startTest" finished-at="2024-03-08T13:01:21 IST" duration-ms="1" status="PASS">
          <params>
            <param index="0">
              <value>
                <![CDATA[public static void qtriptest.tests.testCase_03.TestCase03(java.lang.String,java.lang.String,java.lang.String,java.lang.String,java.lang.String,java.lang.String,java.lang.String) throws java.lang.InterruptedException]]>
              </value>
            </param>
          </params>
          <reporter-output>
          </reporter-output>
        </test-method> <!-- startTest -->
        <test-method signature="TestCase03(java.lang.String,java.lang.String,java.lang.String,java.lang.String,java.lang.String,java.lang.String,java.lang.String)[pri:3, instance:qtriptest.tests.testCase_03@67f639d3]" started-at="2024-03-08T13:01:21 IST" name="TestCase03" description="Booking and Cancellation flow" data-provider="data-provider" finished-at="2024-03-08T13:02:30 IST" duration-ms="69449" status="PASS">
          <params>
            <param index="0">
              <value>
                <![CDATA[TC3_3@gmail.com]]>
              </value>
            </param>
            <param index="1">
              <value>
                <![CDATA[abc@123]]>
              </value>
            </param>
            <param index="2">
              <value>
                <![CDATA[Bangkok]]>
              </value>
            </param>
            <param index="3">
              <value>
                <![CDATA[Tifwales Ferry]]>
              </value>
            </param>
            <param index="4">
              <value>
                <![CDATA[prabhu]]>
              </value>
            </param>
            <param index="5">
              <value>
                <![CDATA[26-12-2025]]>
              </value>
            </param>
            <param index="6">
              <value>
                <![CDATA[1]]>
              </value>
            </param>
          </params>
          <reporter-output>
          </reporter-output>
        </test-method> <!-- TestCase03 -->
        <test-method is-config="true" signature="afterTestMethod(org.testng.ITestResult)[pri:0, instance:qtriptest.tests.testCase_03@67f639d3]" started-at="2024-03-08T13:02:30 IST" name="afterTestMethod" finished-at="2024-03-08T13:02:30 IST" duration-ms="249" status="PASS">
          <params>
            <param index="0">
              <value>
                <![CDATA[[TestResult name=TestCase03 status=SUCCESS method=testCase_03.TestCase03(java.lang.String,java.lang.String,java.lang.String,java.lang.String,java.lang.String,java.lang.String,java.lang.String)[pri:3, instance:qtriptest.tests.testCase_03@67f639d3] output={null}]]]>
              </value>
            </param>
          </params>
          <reporter-output>
          </reporter-output>
        </test-method> <!-- afterTestMethod -->
      </class> <!-- qtriptest.tests.testCase_03 -->
      <class name="qtriptest.tests.testCase_02">
        <test-method is-config="true" signature="startTest(java.lang.reflect.Method)[pri:0, instance:qtriptest.tests.testCase_02@290222c1]" started-at="2024-03-08T12:56:58 IST" name="startTest" finished-at="2024-03-08T12:56:58 IST" duration-ms="0" status="PASS">
          <params>
            <param index="0">
              <value>
                <![CDATA[public static void qtriptest.tests.testCase_02.TestCase02(java.lang.String,java.lang.String,java.lang.String,java.lang.String,java.lang.String) throws java.lang.InterruptedException]]>
              </value>
            </param>
          </params>
          <reporter-output>
          </reporter-output>
        </test-method> <!-- startTest -->
        <test-method signature="TestCase02(java.lang.String,java.lang.String,java.lang.String,java.lang.String,java.lang.String)[pri:2, instance:qtriptest.tests.testCase_02@290222c1]" started-at="2024-03-08T12:56:58 IST" name="TestCase02" description="verifying Home page and Adventure page functionalities" data-provider="data-provider" finished-at="2024-03-08T12:57:38 IST" duration-ms="40179" status="PASS">
          <params>
            <param index="0">
              <value>
                <![CDATA[Bengaluru]]>
              </value>
            </param>
            <param index="1">
              <value>
                <![CDATA[Cycling Routes]]>
              </value>
            </param>
            <param index="2">
              <value>
                <![CDATA[6-12 Hours]]>
              </value>
            </param>
            <param index="3">
              <value>
                <![CDATA[1]]>
              </value>
            </param>
            <param index="4">
              <value>
                <![CDATA[9]]>
              </value>
            </param>
          </params>
          <reporter-output>
          </reporter-output>
        </test-method> <!-- TestCase02 -->
        <test-method is-config="true" signature="afterTestMethod(org.testng.ITestResult)[pri:0, instance:qtriptest.tests.testCase_02@290222c1]" started-at="2024-03-08T12:57:38 IST" name="afterTestMethod" finished-at="2024-03-08T12:57:39 IST" duration-ms="787" status="PASS">
          <params>
            <param index="0">
              <value>
                <![CDATA[[TestResult name=TestCase02 status=SUCCESS method=testCase_02.TestCase02(java.lang.String,java.lang.String,java.lang.String,java.lang.String,java.lang.String)[pri:2, instance:qtriptest.tests.testCase_02@290222c1] output={null}]]]>
              </value>
            </param>
          </params>
          <reporter-output>
          </reporter-output>
        </test-method> <!-- afterTestMethod -->
        <test-method signature="TestCase02(java.lang.String,java.lang.String,java.lang.String,java.lang.String,java.lang.String)[pri:2, instance:qtriptest.tests.testCase_02@290222c1]" started-at="2024-03-08T12:57:39 IST" name="TestCase02" description="verifying Home page and Adventure page functionalities" data-provider="data-provider" finished-at="2024-03-08T12:58:19 IST" duration-ms="40088" status="PASS">
          <params>
            <param index="0">
              <value>
                <![CDATA[Singapore]]>
              </value>
            </param>
            <param index="1">
              <value>
                <![CDATA[Hillside Getaways]]>
              </value>
            </param>
            <param index="2">
              <value>
                <![CDATA[6-12 Hours]]>
              </value>
            </param>
            <param index="3">
              <value>
                <![CDATA[1]]>
              </value>
            </param>
            <param index="4">
              <value>
                <![CDATA[8]]>
              </value>
            </param>
          </params>
          <reporter-output>
          </reporter-output>
        </test-method> <!-- TestCase02 -->
        <test-method is-config="true" signature="startTest(java.lang.reflect.Method)[pri:0, instance:qtriptest.tests.testCase_02@290222c1]" started-at="2024-03-08T12:57:39 IST" name="startTest" finished-at="2024-03-08T12:57:39 IST" duration-ms="0" status="PASS">
          <params>
            <param index="0">
              <value>
                <![CDATA[public static void qtriptest.tests.testCase_02.TestCase02(java.lang.String,java.lang.String,java.lang.String,java.lang.String,java.lang.String) throws java.lang.InterruptedException]]>
              </value>
            </param>
          </params>
          <reporter-output>
          </reporter-output>
        </test-method> <!-- startTest -->
        <test-method is-config="true" signature="afterTestMethod(org.testng.ITestResult)[pri:0, instance:qtriptest.tests.testCase_02@290222c1]" started-at="2024-03-08T12:58:19 IST" name="afterTestMethod" finished-at="2024-03-08T12:58:20 IST" duration-ms="895" status="PASS">
          <params>
            <param index="0">
              <value>
                <![CDATA[[TestResult name=TestCase02 status=SUCCESS method=testCase_02.TestCase02(java.lang.String,java.lang.String,java.lang.String,java.lang.String,java.lang.String)[pri:2, instance:qtriptest.tests.testCase_02@290222c1] output={null}]]]>
              </value>
            </param>
          </params>
          <reporter-output>
          </reporter-output>
        </test-method> <!-- afterTestMethod -->
        <test-method is-config="true" signature="startTest(java.lang.reflect.Method)[pri:0, instance:qtriptest.tests.testCase_02@290222c1]" started-at="2024-03-08T12:58:20 IST" name="startTest" finished-at="2024-03-08T12:58:20 IST" duration-ms="1" status="PASS">
          <params>
            <param index="0">
              <value>
                <![CDATA[public static void qtriptest.tests.testCase_02.TestCase02(java.lang.String,java.lang.String,java.lang.String,java.lang.String,java.lang.String) throws java.lang.InterruptedException]]>
              </value>
            </param>
          </params>
          <reporter-output>
          </reporter-output>
        </test-method> <!-- startTest -->
        <test-method signature="TestCase02(java.lang.String,java.lang.String,java.lang.String,java.lang.String,java.lang.String)[pri:2, instance:qtriptest.tests.testCase_02@290222c1]" started-at="2024-03-08T12:58:20 IST" name="TestCase02" description="verifying Home page and Adventure page functionalities" data-provider="data-provider" finished-at="2024-03-08T12:59:00 IST" duration-ms="39998" status="PASS">
          <params>
            <param index="0">
              <value>
                <![CDATA[Goa]]>
              </value>
            </param>
            <param index="1">
              <value>
                <![CDATA[Party Spots]]>
              </value>
            </param>
            <param index="2">
              <value>
                <![CDATA[2-6 Hours]]>
              </value>
            </param>
            <param index="3">
              <value>
                <![CDATA[1]]>
              </value>
            </param>
            <param index="4">
              <value>
                <![CDATA[11]]>
              </value>
            </param>
          </params>
          <reporter-output>
          </reporter-output>
        </test-method> <!-- TestCase02 -->
        <test-method is-config="true" signature="afterTestMethod(org.testng.ITestResult)[pri:0, instance:qtriptest.tests.testCase_02@290222c1]" started-at="2024-03-08T12:59:00 IST" name="afterTestMethod" finished-at="2024-03-08T12:59:01 IST" duration-ms="812" status="PASS">
          <params>
            <param index="0">
              <value>
                <![CDATA[[TestResult name=TestCase02 status=SUCCESS method=testCase_02.TestCase02(java.lang.String,java.lang.String,java.lang.String,java.lang.String,java.lang.String)[pri:2, instance:qtriptest.tests.testCase_02@290222c1] output={null}]]]>
              </value>
            </param>
          </params>
          <reporter-output>
          </reporter-output>
        </test-method> <!-- afterTestMethod -->
      </class> <!-- qtriptest.tests.testCase_02 -->
    </test> <!-- Gradle test -->
  </suite> <!-- Gradle suite -->
</testng-results>
